SQL> --오랜만에 오라클을 사용해서 다 까먹음 특히 system의 비번 까먹음
SQL> --system보다도 더 높은 권한자인 sys로 접속하여, system의 비번을 다시 할당
SQL> alter user system
  2  identified by 1234;

User altered.

SQL> conn system/1234
Connected.
SQL> show user
USER is "SYSTEM"
SQL> -- 프로젝트를 새로 시작한다는 전제로 데이터이스와 사용자 등을 새롭게 생성해보자
SQL> --현업에서는 이러한 업무는 개발자가 아닌 DBA해준다 한 회사가 규모가 작으면
SQL> 개발자가 다한다
SP2-0734: unknown command beginning "개발자가 ..." - rest of line ignored.
SQL> --개발자가 다한다
SQL> --체이블스페이스 생성
SQL> ed
Wrote file afiedt.buf

  1  create  tablespace  nodespace 
  2  datafile  'C:\oraclexe\app\oracle\oradata\XE\nodespace.dbf' 
  3* size 10m
SQL> /

Tablespace created.

SQL> --사용자 생성
SQL> ed
Wrote file afiedt.buf

  1  create user node
  2  identified by node
  3  default tablespace nodespace
  4* quota unlimited on nodespace
SQL> /

User created.

SQL> --권한 부여하기
SQL> grant create session, create table, create sequence to nide;
grant create session, create table, create sequence to nide
                                                       *
ERROR at line 1:
ORA-01917: user or role 'NIDE' does not exist 


SQL> grant  create session, create table , create sequence to node;

Grant succeeded.

SQL> --node유저로 접속하여 사용하기
SQL> conn node/node
Connected.
SQL> show user
USER is "NODE"
SQL> spool off
